[2026-06-27 20:06:26] Prepared 31 FASTQ file jobs from 15 runs; processing 31.
[2026-06-27 20:06:26] PLAN SRR24947496_1.fastq.gz; existing=0 expected=1198147091
[2026-06-27 20:06:26] PLAN SRR24947496_2.fastq.gz; existing=0 expected=1343025030
[2026-06-27 20:06:26] PLAN SRR24947499_1.fastq.gz; existing=0 expected=1503463900
[2026-06-27 20:06:26] PLAN SRR24947499_2.fastq.gz; existing=0 expected=1681255561
[2026-06-27 20:06:26] PLAN SRR24947504_1.fastq.gz; existing=0 expected=1389938355
[2026-06-27 20:06:26] PLAN SRR24947504_2.fastq.gz; existing=0 expected=1571983354
[2026-06-27 20:06:26] PLAN SRR24947509_1.fastq.gz; existing=0 expected=1550980120
[2026-06-27 20:06:26] PLAN SRR24947509_2.fastq.gz; existing=0 expected=1816230586
[2026-06-27 20:06:26] PLAN SRR24947510_1.fastq.gz; existing=0 expected=1623222697
[2026-06-27 20:06:27] PLAN SRR24947510_2.fastq.gz; existing=0 expected=1780713397
[2026-06-27 20:06:27] PLAN SRR24947500_1.fastq.gz; existing=0 expected=1492486285
[2026-06-27 20:06:27] PLAN SRR24947500_2.fastq.gz; existing=0 expected=1632532583
[2026-06-27 20:06:27] PLAN SRR24947501_1.fastq.gz; existing=0 expected=1371334655
[2026-06-27 20:06:27] PLAN SRR24947501_2.fastq.gz; existing=0 expected=1597357895
[2026-06-27 20:06:27] PLAN SRR24947505_1.fastq.gz; existing=0 expected=1031953510
[2026-06-27 20:06:27] PLAN SRR24947505_2.fastq.gz; existing=0 expected=1129223328
[2026-06-27 20:06:27] PLAN SRR24947506_1.fastq.gz; existing=0 expected=1614606602
[2026-06-27 20:06:27] PLAN SRR24947506_2.fastq.gz; existing=0 expected=1703235366
[2026-06-27 20:06:27] PLAN SRR24947497_1.fastq.gz; existing=0 expected=1827186895
[2026-06-27 20:06:27] PLAN SRR24947497_2.fastq.gz; existing=0 expected=1899650474
[2026-06-27 20:06:27] PLAN SRR24947498.fastq.gz; existing=0 expected=115
[2026-06-27 20:06:27] PLAN SRR24947498_1.fastq.gz; existing=0 expected=1324467940
[2026-06-27 20:06:27] PLAN SRR24947498_2.fastq.gz; existing=0 expected=1445243153
[2026-06-27 20:06:27] PLAN SRR24947502_1.fastq.gz; existing=0 expected=1507508727
[2026-06-27 20:06:27] PLAN SRR24947502_2.fastq.gz; existing=0 expected=1840676528
[2026-06-27 20:06:27] PLAN SRR24947503_1.fastq.gz; existing=0 expected=1480535995
[2026-06-27 20:06:27] PLAN SRR24947503_2.fastq.gz; existing=0 expected=1782133882
[2026-06-27 20:06:27] PLAN SRR24947507_1.fastq.gz; existing=0 expected=1188143087
[2026-06-27 20:06:27] PLAN SRR24947507_2.fastq.gz; existing=0 expected=1407994093
[2026-06-27 20:06:27] PLAN SRR24947508_1.fastq.gz; existing=0 expected=1200126224
[2026-06-27 20:06:27] PLAN SRR24947508_2.fastq.gz; existing=0 expected=1430361416
[2026-06-27 20:06:27] Wrote manifest: D:\服务器_胃癌线粒体亚群\reports\download_resources\SRP444325_fastq_download_plan.tsv
[2026-06-27 20:07:47] Prepared 31 FASTQ file jobs from 15 runs; processing 31.
[2026-06-27 20:07:47] PLAN SRR24947496_1.fastq.gz; existing=0 expected=1198147091
[2026-06-27 20:07:47] PLAN SRR24947496_2.fastq.gz; existing=0 expected=1343025030
[2026-06-27 20:07:47] PLAN SRR24947499_1.fastq.gz; existing=0 expected=1503463900
[2026-06-27 20:07:47] PLAN SRR24947499_2.fastq.gz; existing=0 expected=1681255561
[2026-06-27 20:07:47] PLAN SRR24947504_1.fastq.gz; existing=0 expected=1389938355
[2026-06-27 20:07:47] PLAN SRR24947504_2.fastq.gz; existing=0 expected=1571983354
[2026-06-27 20:07:47] PLAN SRR24947509_1.fastq.gz; existing=0 expected=1550980120
[2026-06-27 20:07:47] PLAN SRR24947509_2.fastq.gz; existing=0 expected=1816230586
[2026-06-27 20:07:47] PLAN SRR24947510_1.fastq.gz; existing=0 expected=1623222697
[2026-06-27 20:07:47] PLAN SRR24947510_2.fastq.gz; existing=0 expected=1780713397
[2026-06-27 20:07:47] PLAN SRR24947500_1.fastq.gz; existing=0 expected=1492486285
[2026-06-27 20:07:47] PLAN SRR24947500_2.fastq.gz; existing=0 expected=1632532583
[2026-06-27 20:07:47] PLAN SRR24947501_1.fastq.gz; existing=0 expected=1371334655
[2026-06-27 20:07:47] PLAN SRR24947501_2.fastq.gz; existing=0 expected=1597357895
[2026-06-27 20:07:47] PLAN SRR24947505_1.fastq.gz; existing=0 expected=1031953510
[2026-06-27 20:07:47] PLAN SRR24947505_2.fastq.gz; existing=0 expected=1129223328
[2026-06-27 20:07:47] PLAN SRR24947506_1.fastq.gz; existing=0 expected=1614606602
[2026-06-27 20:07:47] PLAN SRR24947506_2.fastq.gz; existing=0 expected=1703235366
[2026-06-27 20:07:47] PLAN SRR24947497_1.fastq.gz; existing=0 expected=1827186895
[2026-06-27 20:07:47] PLAN SRR24947497_2.fastq.gz; existing=0 expected=1899650474
[2026-06-27 20:07:47] SKIP policy-excluded SRR24947498.fastq.gz: paired_end_non_R1_R2_ena_extra_file_or_placeholder
[2026-06-27 20:07:47] PLAN SRR24947498_1.fastq.gz; existing=0 expected=1324467940
[2026-06-27 20:07:47] PLAN SRR24947498_2.fastq.gz; existing=0 expected=1445243153
[2026-06-27 20:07:47] PLAN SRR24947502_1.fastq.gz; existing=0 expected=1507508727
[2026-06-27 20:07:47] PLAN SRR24947502_2.fastq.gz; existing=0 expected=1840676528
[2026-06-27 20:07:47] PLAN SRR24947503_1.fastq.gz; existing=0 expected=1480535995
[2026-06-27 20:07:48] PLAN SRR24947503_2.fastq.gz; existing=0 expected=1782133882
[2026-06-27 20:07:48] PLAN SRR24947507_1.fastq.gz; existing=0 expected=1188143087
[2026-06-27 20:07:48] PLAN SRR24947507_2.fastq.gz; existing=0 expected=1407994093
[2026-06-27 20:07:48] PLAN SRR24947508_1.fastq.gz; existing=0 expected=1200126224
[2026-06-27 20:07:48] PLAN SRR24947508_2.fastq.gz; existing=0 expected=1430361416
[2026-06-27 20:07:48] Wrote manifest: D:\服务器_胃癌线粒体亚群\reports\download_resources\SRP444325_fastq_download_plan.tsv
[2026-06-28 02:40:38] Prepared 31 FASTQ file jobs from 15 runs; processing 31.
[2026-06-28 02:40:38] DOWNLOAD/RESUME SRR24947496_1.fastq.gz; existing=0 expected=1198147091
[2026-06-28 02:50:19] Using aria2c for segmented resume downloads: C:\Users\14799\AppData\Local\Microsoft\WinGet\Packages\aria2.aria2_Microsoft.Winget.Source_8wekyb3d8bbwe\aria2-1.37.0-win-64bit-build1\aria2c.exe; connections=8
[2026-06-28 02:50:19] Prepared 31 FASTQ file jobs from 15 runs; processing 2.
[2026-06-28 02:50:19] PLAN SRR24947496_1.fastq.gz; existing=18239488 expected=1198147091
[2026-06-28 02:50:19] PLAN SRR24947496_2.fastq.gz; existing=0 expected=1343025030
[2026-06-28 02:50:20] Wrote manifest: D:\服务器_胃癌线粒体亚群\reports\download_resources\SRP444325_fastq_download_plan.tsv
[2026-06-28 02:50:34] Using aria2c for segmented resume downloads: C:\Users\14799\AppData\Local\Microsoft\WinGet\Packages\aria2.aria2_Microsoft.Winget.Source_8wekyb3d8bbwe\aria2-1.37.0-win-64bit-build1\aria2c.exe; connections=8
[2026-06-28 02:50:34] Prepared 31 FASTQ file jobs from 15 runs; processing 31.
[2026-06-28 02:50:34] PLAN SRR24947496_1.fastq.gz; existing=18239488 expected=1198147091
[2026-06-28 02:50:34] PLAN SRR24947496_2.fastq.gz; existing=0 expected=1343025030
[2026-06-28 02:50:34] PLAN SRR24947499_1.fastq.gz; existing=0 expected=1503463900
[2026-06-28 02:50:34] PLAN SRR24947499_2.fastq.gz; existing=0 expected=1681255561
[2026-06-28 02:50:34] PLAN SRR24947504_1.fastq.gz; existing=0 expected=1389938355
[2026-06-28 02:50:34] PLAN SRR24947504_2.fastq.gz; existing=0 expected=1571983354
[2026-06-28 02:50:34] PLAN SRR24947509_1.fastq.gz; existing=0 expected=1550980120
[2026-06-28 02:50:34] PLAN SRR24947509_2.fastq.gz; existing=0 expected=1816230586
[2026-06-28 02:50:34] PLAN SRR24947510_1.fastq.gz; existing=0 expected=1623222697
[2026-06-28 02:50:34] PLAN SRR24947510_2.fastq.gz; existing=0 expected=1780713397
[2026-06-28 02:50:34] PLAN SRR24947500_1.fastq.gz; existing=0 expected=1492486285
[2026-06-28 02:50:34] PLAN SRR24947500_2.fastq.gz; existing=0 expected=1632532583
[2026-06-28 02:50:34] PLAN SRR24947501_1.fastq.gz; existing=0 expected=1371334655
[2026-06-28 02:50:34] PLAN SRR24947501_2.fastq.gz; existing=0 expected=1597357895
[2026-06-28 02:50:34] PLAN SRR24947505_1.fastq.gz; existing=0 expected=1031953510
[2026-06-28 02:50:34] PLAN SRR24947505_2.fastq.gz; existing=0 expected=1129223328
[2026-06-28 02:50:35] PLAN SRR24947506_1.fastq.gz; existing=0 expected=1614606602
[2026-06-28 02:50:35] PLAN SRR24947506_2.fastq.gz; existing=0 expected=1703235366
[2026-06-28 02:50:35] PLAN SRR24947497_1.fastq.gz; existing=0 expected=1827186895
[2026-06-28 02:50:35] PLAN SRR24947497_2.fastq.gz; existing=0 expected=1899650474
[2026-06-28 02:50:35] SKIP policy-excluded SRR24947498.fastq.gz: paired_end_non_R1_R2_ena_extra_file_or_placeholder
[2026-06-28 02:50:35] PLAN SRR24947498_1.fastq.gz; existing=0 expected=1324467940
[2026-06-28 02:50:35] PLAN SRR24947498_2.fastq.gz; existing=0 expected=1445243153
[2026-06-28 02:50:35] PLAN SRR24947502_1.fastq.gz; existing=0 expected=1507508727
[2026-06-28 02:50:35] PLAN SRR24947502_2.fastq.gz; existing=0 expected=1840676528
[2026-06-28 02:50:35] PLAN SRR24947503_1.fastq.gz; existing=0 expected=1480535995
[2026-06-28 02:50:35] PLAN SRR24947503_2.fastq.gz; existing=0 expected=1782133882
[2026-06-28 02:50:35] PLAN SRR24947507_1.fastq.gz; existing=0 expected=1188143087
[2026-06-28 02:50:35] PLAN SRR24947507_2.fastq.gz; existing=0 expected=1407994093
[2026-06-28 02:50:35] PLAN SRR24947508_1.fastq.gz; existing=0 expected=1200126224
[2026-06-28 02:50:35] PLAN SRR24947508_2.fastq.gz; existing=0 expected=1430361416
[2026-06-28 02:50:35] Wrote manifest: D:\服务器_胃癌线粒体亚群\reports\download_resources\SRP444325_fastq_download_plan.tsv
[2026-06-28 02:50:50] Using aria2c for segmented resume downloads: C:\Users\14799\AppData\Local\Microsoft\WinGet\Packages\aria2.aria2_Microsoft.Winget.Source_8wekyb3d8bbwe\aria2-1.37.0-win-64bit-build1\aria2c.exe; connections=8
[2026-06-28 02:50:50] Prepared 31 FASTQ file jobs from 15 runs; processing 31.
[2026-06-28 02:50:50] DOWNLOAD/RESUME SRR24947496_1.fastq.gz; existing=18239488 expected=1198147091
[2026-06-28 02:52:07] Using aria2c for segmented resume downloads: C:\Users\14799\AppData\Local\Microsoft\WinGet\Packages\aria2.aria2_Microsoft.Winget.Source_8wekyb3d8bbwe\aria2-1.37.0-win-64bit-build1\aria2c.exe; connections=8
[2026-06-28 02:52:07] Prepared 31 FASTQ file jobs from 15 runs; processing 31.
[2026-06-28 02:52:07] DOWNLOAD/RESUME SRR24947496_1.fastq.gz; existing=18239488 expected=1198147091
[2026-06-28 02:56:38] Using aria2c for segmented resume downloads: C:\Users\14799\AppData\Local\Microsoft\WinGet\Packages\aria2.aria2_Microsoft.Winget.Source_8wekyb3d8bbwe\aria2-1.37.0-win-64bit-build1\aria2c.exe; connections=16
[2026-06-28 02:56:38] Prepared 31 FASTQ file jobs from 15 runs; processing 31.
[2026-06-28 02:56:38] DOWNLOAD/RESUME SRR24947496_1.fastq.gz; existing=1198147091 expected=1198147091
[2026-06-28 03:03:35] Wrote aria2 input: D:\服务器_胃癌线粒体亚群\logs\download_resources\SRP444325\SRP444325_aria2_input.txt
[2026-06-28 03:03:35] Wrote aria2 preflight manifest: D:\服务器_胃癌线粒体亚群\reports\download_resources\SRP444325_aria2_preflight.tsv
[2026-06-28 03:03:35] aria2 jobs to download/resume: 30; max_concurrent=6; connections_per_file=4
[2026-06-28 09:34:58] Wrote aria2 input: D:\服务器_胃癌线粒体亚群\logs\download_resources\SRP444325\SRP444325_aria2_input.txt
[2026-06-28 09:34:58] Wrote aria2 preflight manifest: D:\服务器_胃癌线粒体亚群\reports\download_resources\SRP444325_aria2_preflight.tsv
[2026-06-28 09:34:58] aria2 jobs to download/resume: 12; max_concurrent=6; connections_per_file=4
[2026-06-28 11:11:29] Wrote aria2 input: D:\服务器_胃癌线粒体亚群\logs\download_resources\SRP444325\SRP444325_aria2_input.txt
[2026-06-28 11:11:30] Wrote aria2 preflight manifest: D:\服务器_胃癌线粒体亚群\reports\download_resources\SRP444325_aria2_preflight.tsv
[2026-06-28 11:11:30] aria2 jobs to download/resume: 12; max_concurrent=4; connections_per_file=2
[2026-06-28 17:14:55] Wrote aria2 input: D:\服务器_胃癌线粒体亚群\logs\download_resources\SRP444325\SRP444325_aria2_input.txt
[2026-06-28 17:14:55] Wrote aria2 preflight manifest: D:\服务器_胃癌线粒体亚群\reports\download_resources\SRP444325_aria2_preflight.tsv
[2026-06-28 17:14:55] aria2 jobs to download/resume: 8; max_concurrent=3; connections_per_file=2
[2026-06-28 17:22:40] Wrote aria2 input: D:\服务器_胃癌线粒体亚群\logs\download_resources\SRP444325\SRP444325_aria2_input.txt
[2026-06-28 17:22:40] Wrote aria2 preflight manifest: D:\服务器_胃癌线粒体亚群\reports\download_resources\SRP444325_aria2_preflight.tsv
[2026-06-28 17:22:40] aria2 jobs to download/resume: 8; max_concurrent=3; connections_per_file=2
[2026-06-28 19:54:51] Wrote aria2 input: D:\服务器_胃癌线粒体亚群\logs\download_resources\SRP444325\SRP444325_aria2_input.txt
[2026-06-28 19:54:51] Wrote aria2 preflight manifest: D:\服务器_胃癌线粒体亚群\reports\download_resources\SRP444325_aria2_preflight.tsv
[2026-06-28 19:54:51] aria2 jobs to download/resume: 7; max_concurrent=3; connections_per_file=2
[2026-06-28 23:29:26] Wrote aria2 input: D:\服务器_胃癌线粒体亚群\logs\download_resources\SRP444325\SRP444325_aria2_input.txt
[2026-06-28 23:29:26] Wrote aria2 preflight manifest: D:\服务器_胃癌线粒体亚群\reports\download_resources\SRP444325_aria2_preflight.tsv
[2026-06-28 23:29:26] aria2 jobs to download/resume: 7; max_concurrent=3; connections_per_file=2
[2026-06-29 06:38:10] Wrote aria2 input: D:\服务器_胃癌线粒体亚群\logs\download_resources\SRP444325\SRP444325_aria2_input.txt
[2026-06-29 06:38:10] Wrote aria2 preflight manifest: D:\服务器_胃癌线粒体亚群\reports\download_resources\SRP444325_aria2_preflight.tsv
[2026-06-29 06:38:10] aria2 jobs to download/resume: 4; max_concurrent=3; connections_per_file=2
[2026-06-29 07:40:23] Wrote aria2 input: D:\服务器_胃癌线粒体亚群\logs\download_resources\SRP444325\SRP444325_aria2_input.txt
[2026-06-29 07:40:23] Wrote aria2 preflight manifest: D:\服务器_胃癌线粒体亚群\reports\download_resources\SRP444325_aria2_preflight.tsv
[2026-06-29 07:40:23] aria2 jobs to download/resume: 1; max_concurrent=3; connections_per_file=2
[2026-06-29 07:42:24] Wrote aria2 input: D:\服务器_胃癌线粒体亚群\logs\download_resources\SRP444325\SRP444325_aria2_input.txt
[2026-06-29 07:42:24] Wrote aria2 preflight manifest: D:\服务器_胃癌线粒体亚群\reports\download_resources\SRP444325_aria2_preflight.tsv
[2026-06-29 07:42:24] aria2 jobs to download/resume: 1; max_concurrent=3; connections_per_file=2
[2026-06-29 07:44:25] Wrote aria2 input: D:\服务器_胃癌线粒体亚群\logs\download_resources\SRP444325\SRP444325_aria2_input.txt
[2026-06-29 07:44:25] Wrote aria2 preflight manifest: D:\服务器_胃癌线粒体亚群\reports\download_resources\SRP444325_aria2_preflight.tsv
[2026-06-29 07:44:25] aria2 jobs to download/resume: 1; max_concurrent=3; connections_per_file=2
[2026-06-29 07:46:26] Wrote aria2 input: D:\服务器_胃癌线粒体亚群\logs\download_resources\SRP444325\SRP444325_aria2_input.txt
[2026-06-29 07:46:26] Wrote aria2 preflight manifest: D:\服务器_胃癌线粒体亚群\reports\download_resources\SRP444325_aria2_preflight.tsv
[2026-06-29 07:46:26] aria2 jobs to download/resume: 1; max_concurrent=3; connections_per_file=2
[2026-06-29 07:48:27] Wrote aria2 input: D:\服务器_胃癌线粒体亚群\logs\download_resources\SRP444325\SRP444325_aria2_input.txt
[2026-06-29 07:48:27] Wrote aria2 preflight manifest: D:\服务器_胃癌线粒体亚群\reports\download_resources\SRP444325_aria2_preflight.tsv
[2026-06-29 07:48:27] aria2 jobs to download/resume: 1; max_concurrent=3; connections_per_file=2
[2026-06-29 07:50:28] Wrote aria2 input: D:\服务器_胃癌线粒体亚群\logs\download_resources\SRP444325\SRP444325_aria2_input.txt
[2026-06-29 07:50:28] Wrote aria2 preflight manifest: D:\服务器_胃癌线粒体亚群\reports\download_resources\SRP444325_aria2_preflight.tsv
[2026-06-29 07:50:28] aria2 jobs to download/resume: 1; max_concurrent=3; connections_per_file=2
[2026-06-29 07:52:30] Wrote aria2 input: D:\服务器_胃癌线粒体亚群\logs\download_resources\SRP444325\SRP444325_aria2_input.txt
[2026-06-29 07:52:30] Wrote aria2 preflight manifest: D:\服务器_胃癌线粒体亚群\reports\download_resources\SRP444325_aria2_preflight.tsv
[2026-06-29 07:52:30] aria2 jobs to download/resume: 1; max_concurrent=3; connections_per_file=2
[2026-06-29 07:54:31] Wrote aria2 input: D:\服务器_胃癌线粒体亚群\logs\download_resources\SRP444325\SRP444325_aria2_input.txt
[2026-06-29 07:54:31] Wrote aria2 preflight manifest: D:\服务器_胃癌线粒体亚群\reports\download_resources\SRP444325_aria2_preflight.tsv
[2026-06-29 07:54:31] aria2 jobs to download/resume: 1; max_concurrent=3; connections_per_file=2
[2026-06-29 07:56:32] Wrote aria2 input: D:\服务器_胃癌线粒体亚群\logs\download_resources\SRP444325\SRP444325_aria2_input.txt
[2026-06-29 07:56:32] Wrote aria2 preflight manifest: D:\服务器_胃癌线粒体亚群\reports\download_resources\SRP444325_aria2_preflight.tsv
[2026-06-29 07:56:32] aria2 jobs to download/resume: 1; max_concurrent=3; connections_per_file=2
[2026-06-29 07:58:33] Wrote aria2 input: D:\服务器_胃癌线粒体亚群\logs\download_resources\SRP444325\SRP444325_aria2_input.txt
[2026-06-29 07:58:33] Wrote aria2 preflight manifest: D:\服务器_胃癌线粒体亚群\reports\download_resources\SRP444325_aria2_preflight.tsv
[2026-06-29 07:58:33] aria2 jobs to download/resume: 1; max_concurrent=3; connections_per_file=2
[2026-06-29 08:00:34] Wrote aria2 input: D:\服务器_胃癌线粒体亚群\logs\download_resources\SRP444325\SRP444325_aria2_input.txt
[2026-06-29 08:00:34] Wrote aria2 preflight manifest: D:\服务器_胃癌线粒体亚群\reports\download_resources\SRP444325_aria2_preflight.tsv
[2026-06-29 08:00:34] aria2 jobs to download/resume: 1; max_concurrent=3; connections_per_file=2
[2026-06-29 08:02:35] Wrote aria2 input: D:\服务器_胃癌线粒体亚群\logs\download_resources\SRP444325\SRP444325_aria2_input.txt
[2026-06-29 08:02:35] Wrote aria2 preflight manifest: D:\服务器_胃癌线粒体亚群\reports\download_resources\SRP444325_aria2_preflight.tsv
[2026-06-29 08:02:35] aria2 jobs to download/resume: 1; max_concurrent=3; connections_per_file=2
[2026-06-29 08:04:36] Wrote aria2 input: D:\服务器_胃癌线粒体亚群\logs\download_resources\SRP444325\SRP444325_aria2_input.txt
[2026-06-29 08:04:36] Wrote aria2 preflight manifest: D:\服务器_胃癌线粒体亚群\reports\download_resources\SRP444325_aria2_preflight.tsv
[2026-06-29 08:04:36] aria2 jobs to download/resume: 1; max_concurrent=3; connections_per_file=2
[2026-06-29 08:06:37] Wrote aria2 input: D:\服务器_胃癌线粒体亚群\logs\download_resources\SRP444325\SRP444325_aria2_input.txt
[2026-06-29 08:06:37] Wrote aria2 preflight manifest: D:\服务器_胃癌线粒体亚群\reports\download_resources\SRP444325_aria2_preflight.tsv
[2026-06-29 08:06:37] aria2 jobs to download/resume: 1; max_concurrent=3; connections_per_file=2
